// Jest Snapshot v1, https://goo.gl/fbAQLP

exports[`Grid Renders correctly 1`] = `
<div>
  <div
    class="sc-bcXHqe kgxZUT"
    width="auto"
  />
</div>
`;
