// Jest Snapshot v1, https://goo.gl/fbAQLP

exports[`SmallCard Renders correctly 1`] = `
<div>
  <div
    class="sc-bcXHqe lbydtb"
  >
    TextSmallCard
  </div>
</div>
`;
